// Jest Snapshot v1, https://goo.gl/fbAQLP

exports[`ShowDate renders consistently 1`] = `
<div>
  <span>
    The correct date is: 2017-04-05
  </span>
</div>
`;
